// Jest Snapshot v1, https://goo.gl/fbAQLP

exports[`matches snapshot 1`] = `
<DocumentFragment>
  <div
    class="TodoList-container"
  >
    <h1>
      TodoList
    </h1>
    <form>
      <label
        for="todo"
      >
        Todo: 
      </label>
      <input
        id="todo"
        name="todo"
        placeholder="todo"
        type="text"
        value=""
      />
      <button>
        Add
      </button>
    </form>
    <div>
      <ul>
        <div
          class="Todo-container"
        >
          <li
            class="Todo"
            style="list-style-type: none;"
          >
            Feed cats
          </li>
          <button
            class="Todo-delete-btn"
            id="2a96bc22-34ce-4e73-bb1f-c362d7d6569c"
          >
            x
          </button>
        </div>
      </ul>
    </div>
  </div>
</DocumentFragment>
`;
